
AMM@AMM-PC MINGW32 ~/Desktop/github-test
$ git status
fatal: Not a git repository (or any of the parent directories): .git

AMM@AMM-PC MINGW32 ~/Desktop/github-test
$ git init
Initialized empty Git repository in C:/Users/AMM/Desktop/github-test/.git/

AMM@AMM-PC MINGW32 ~/Desktop/github-test (master)
$ git remote at origin
error: Unknown subcommand: at
usage: git remote [-v | --verbose]
   or: git remote add [-t <branch>] [-m <master>] [-f] [--tags | --no-tags] [--m                                    irror=<fetch|push>] <name> <url>
   or: git remote rename <old> <new>
   or: git remote remove <name>
   or: git remote set-head <name> (-a | --auto | -d | --delete | <branch>)
   or: git remote [-v | --verbose] show [-n] <name>
   or: git remote prune [-n | --dry-run] <name>
   or: git remote [-v | --verbose] update [-p | --prune] [(<group> | <remote>)..                                    .]
   or: git remote set-branches [--add] <name> <branch>...
   or: git remote get-url [--push] [--all] <name>
   or: git remote set-url [--push] <name> <newurl> [<oldurl>]
   or: git remote set-url --add <name> <newurl>
   or: git remote set-url --delete <name> <url>

    -v, --verbose         be verbose; must be placed before a subcommand


AMM@AMM-PC MINGW32 ~/Desktop/github-test (master)
$ git remote add origin https://github.com/Awitd-JavaTeam/test.git (origin is name that connect local and server)

AMM@AMM-PC MINGW32 ~/Desktop/github-test (master)
$ git remote
origin

AMM@AMM-PC MINGW32 ~/Desktop/github-test (master)
$ git status
On branch master

No commits yet

Untracked files:
  (use "git add <file>..." to include in what will be committed)

        README.md

nothing added to commit but untracked files present (use "git add" to track)

AMM@AMM-PC MINGW32 ~/Desktop/github-test (master)
$ git add .

AMM@AMM-PC MINGW32 ~/Desktop/github-test (master)
$ git commit -m "initial commit"
[master (root-commit) 9ce8b03] initial commit
 1 file changed, 0 insertions(+), 0 deletions(-)
 create mode 100644 README.md

AMM@AMM-PC MINGW32 ~/Desktop/github-test (master)
$ ^Ct push origin master

AMM@AMM-PC MINGW32 ~/Desktop/github-test (master)
$ git push origin master(branch name) (Local (origin) paw ka har ko server paw tin chin loh)
